// Jest Snapshot v1, https://goo.gl/fbAQLP

exports[`Buyers component it should render correctly 1`] = `
<View
  style={
    Object {
      "flex": 1,
    }
  }
>
  <Text
    accessible={true}
    allowFontScaling={true}
    disabled={false}
    ellipsizeMode="tail"
  >
    Buyers
  </Text>
</View>
`;
